// Jest Snapshot v1, https://goo.gl/fbAQLP

exports[`The Dashboard component shows list of polls 1`] = `
Object {
  "asFragment": [Function],
  "baseElement": <body>
    <div>
      <div
        class="min-h-full"
      >
        <main>
          <div
            class="mx-auto max-w-7xl sm:px-6 lg:px-8"
          >
            <div
              class="md:flex md:items-center md:justify-between"
            >
              <div
                class="min-w-0 p-4 flex-1"
              >
                <h2
                  class="text-2xl font-bold leading-7 text-gray-900 sm:truncate sm:text-3xl sm:tracking-tight"
                >
                  All Polls
                </h2>
              </div>
              <small
                class=""
              >
                Filter:
              </small>
              <div
                class="mt-4 flex md:ml-4 md:mt-0"
              >
                <button
                  class="bg-indigo-600 text-white hover:bg-indigo-700 focus-visible:outline focus-visible:outline-2 focus-visible:outline-offset-2 focus-visible:outline-indigo-600 inline-flex items-center rounded-md px-3 py-2 text-sm font-semibold text-gray-900 shadow-sm ring-1 ring-inset ring-gray-300"
                  type="button"
                  value="new"
                >
                  New Questions
                </button>
                <button
                  class="bg-white hover:bg-gray-50 ml-3 inline-flex items-center rounded-md px-3 py-2 text-sm font-semibold text-gray-900 shadow-sm ring-1 ring-inset ring-gray-300"
                  type="button"
                  value="done"
                >
                  Done
                </button>
              </div>
            </div>
            <div
              class="bg-gray-100 py-8"
            >
              <div
                class="mx-auto max-w-7xl sm:px-6 lg:px-8"
              >
                <ul
                  class="grid grid-cols-1 gap-6 sm:grid-cols-2 lg:grid-cols-3"
                />
              </div>
            </div>
          </div>
        </main>
      </div>
    </div>
  </body>,
  "container": <div>
    <div
      class="min-h-full"
    >
      <main>
        <div
          class="mx-auto max-w-7xl sm:px-6 lg:px-8"
        >
          <div
            class="md:flex md:items-center md:justify-between"
          >
            <div
              class="min-w-0 p-4 flex-1"
            >
              <h2
                class="text-2xl font-bold leading-7 text-gray-900 sm:truncate sm:text-3xl sm:tracking-tight"
              >
                All Polls
              </h2>
            </div>
            <small
              class=""
            >
              Filter:
            </small>
            <div
              class="mt-4 flex md:ml-4 md:mt-0"
            >
              <button
                class="bg-indigo-600 text-white hover:bg-indigo-700 focus-visible:outline focus-visible:outline-2 focus-visible:outline-offset-2 focus-visible:outline-indigo-600 inline-flex items-center rounded-md px-3 py-2 text-sm font-semibold text-gray-900 shadow-sm ring-1 ring-inset ring-gray-300"
                type="button"
                value="new"
              >
                New Questions
              </button>
              <button
                class="bg-white hover:bg-gray-50 ml-3 inline-flex items-center rounded-md px-3 py-2 text-sm font-semibold text-gray-900 shadow-sm ring-1 ring-inset ring-gray-300"
                type="button"
                value="done"
              >
                Done
              </button>
            </div>
          </div>
          <div
            class="bg-gray-100 py-8"
          >
            <div
              class="mx-auto max-w-7xl sm:px-6 lg:px-8"
            >
              <ul
                class="grid grid-cols-1 gap-6 sm:grid-cols-2 lg:grid-cols-3"
              />
            </div>
          </div>
        </div>
      </main>
    </div>
  </div>,
  "debug": [Function],
  "findAllByAltText": [Function],
  "findAllByDisplayValue": [Function],
  "findAllByLabelText": [Function],
  "findAllByPlaceholderText": [Function],
  "findAllByRole": [Function],
  "findAllByTestId": [Function],
  "findAllByText": [Function],
  "findAllByTitle": [Function],
  "findByAltText": [Function],
  "findByDisplayValue": [Function],
  "findByLabelText": [Function],
  "findByPlaceholderText": [Function],
  "findByRole": [Function],
  "findByTestId": [Function],
  "findByText": [Function],
  "findByTitle": [Function],
  "getAllByAltText": [Function],
  "getAllByDisplayValue": [Function],
  "getAllByLabelText": [Function],
  "getAllByPlaceholderText": [Function],
  "getAllByRole": [Function],
  "getAllByTestId": [Function],
  "getAllByText": [Function],
  "getAllByTitle": [Function],
  "getByAltText": [Function],
  "getByDisplayValue": [Function],
  "getByLabelText": [Function],
  "getByPlaceholderText": [Function],
  "getByRole": [Function],
  "getByTestId": [Function],
  "getByText": [Function],
  "getByTitle": [Function],
  "queryAllByAltText": [Function],
  "queryAllByDisplayValue": [Function],
  "queryAllByLabelText": [Function],
  "queryAllByPlaceholderText": [Function],
  "queryAllByRole": [Function],
  "queryAllByTestId": [Function],
  "queryAllByText": [Function],
  "queryAllByTitle": [Function],
  "queryByAltText": [Function],
  "queryByDisplayValue": [Function],
  "queryByLabelText": [Function],
  "queryByPlaceholderText": [Function],
  "queryByRole": [Function],
  "queryByTestId": [Function],
  "queryByText": [Function],
  "queryByTitle": [Function],
  "rerender": [Function],
  "store": Object {
    "@@observable": [Function],
    "dispatch": [Function],
    "getState": [Function],
    "replaceReducer": [Function],
    "subscribe": [Function],
  },
  "unmount": [Function],
}
`;
